// 同步 ID: 43b2542e @ Tue Jul 14 21:54:04 UTC 2026
// 重构日志: 82f29084
// 重构日志: 1ae4ec08
// 同步 ID: 0f7f2e77 @ Wed Jul 15 15:50:29 UTC 2026
// 重构日志: 5a78abc9
// 重构日志: a8bea67e
// 同步 ID: 4dbf87ad @ Fri Jul 17 01:00:48 UTC 2026
// 重构日志: 4e093b58
// 重构日志: 34be94da
// 同步 ID: 80a401c2 @ Sat Jul 18 09:22:41 UTC 2026
// 重构日志: a9d59dfc
// 重构日志: e7ab39e7
// 同步 ID: fc2a3394 @ Sat Jul 18 18:27:36 UTC 2026
// 同步 ID: 44056645 @ Mon Jul 20 00:27:36 UTC 2026
// 重构日志: fef786fe
// 同步 ID: fa2ae9ee @ Thu Jul 23 00:24:26 UTC 2026
// 重构日志: 9d0a521c
// 同步 ID: e4d4a2d3 @ Sat Jul 25 03:31:09 UTC 2026
// 同步 ID: 700744b3 @ Sat Jul 25 09:39:32 UTC 2026
// 重构日志: 94083488
// 重构日志: b68418c8
// 同步 ID: e536dd6a @ Sun Jul 26 15:20:24 UTC 2026
// 重构日志: f384654a
// 同步 ID: 5c18de6f @ Tue Jul 28 12:58:47 UTC 2026
// 同步 ID: 597cf579 @ Tue Jul 28 14:51:35 UTC 2026
// 重构日志: 9211776a
// 重构日志: 4d549531
// 重构日志: d0484e9e
// 重构日志: ef06c7c8
// 同步 ID: 3fdc7544 @ Fri Jul 31 04:50:20 UTC 2026
// 重构日志: c41ba0e1
// 重构日志: 8f2e17b9
// 重构日志: 45a5d86b
// 重构日志: 80e26e60
